    Blocking waiting for file lock on package cache
   Compiling proc-macro2 v1.0.107
   Compiling unicode-ident v1.0.24
   Compiling libc v0.2.189
   Compiling quote v1.0.47
   Compiling serde_core v1.0.229
   Compiling memchr v2.8.3
   Compiling zmij v1.0.23
   Compiling object v0.37.3
   Compiling parking_lot_core v0.9.12
   Compiling cfg-if v1.0.4
   Compiling scopeguard v1.2.0
   Compiling serde_json v1.0.151
   Compiling gimli v0.32.3
   Compiling serde v1.0.229
   Compiling adler2 v2.0.1
   Compiling smallvec v1.16.0
   Compiling itoa v1.0.18
   Compiling lock_api v0.4.14
   Compiling rustc-demangle v0.1.28
   Compiling miniz_oxide v0.8.9
   Compiling mintex v0.1.4
   Compiling thousands v0.2.0
   Compiling rustc-hash v1.1.0
   Compiling lazy_static v1.5.0
   Compiling syn v3.0.5
   Compiling parking_lot v0.12.5
   Compiling addr2line v0.25.1
   Compiling serde_derive v1.0.229
   Compiling backtrace v0.3.76
   Compiling dhat v0.3.3
   Compiling rust-mastery-lab v0.1.0 (/var/home/Louranicas/rust-mastery-20260906/lab)
    Finished `profiling` profile [optimized + debuginfo] target(s) in 3.41s
